[0m[1maws_key_pair.deployer: Refreshing state... [id=campus-compass-key][0m
[0m[1maws_instance.app_server: Refreshing state... [id=i-022979d6a50380eb3][0m
[0m[1maws_security_group.campus_compass_sg: Refreshing state... [id=sg-0a2afddc573e7cbca][0m

Terraform used the selected providers to generate the following execution
plan. Resource actions are indicated with the following symbols:
  [32m+[0m create[0m

Terraform will perform the following actions:

[1m  # aws_ecr_repository.app[0m will be created
[0m  [32m+[0m[0m resource "aws_ecr_repository" "app" {
      [32m+[0m[0m arn                  = (known after apply)
      [32m+[0m[0m force_delete         = true
      [32m+[0m[0m id                   = (known after apply)
      [32m+[0m[0m image_tag_mutability = "MUTABLE"
      [32m+[0m[0m name                 = "campus-compass-app"
      [32m+[0m[0m registry_id          = (known after apply)
      [32m+[0m[0m repository_url       = (known after apply)
      [32m+[0m[0m tags_all             = (known after apply)

      [32m+[0m[0m image_scanning_configuration {
          [32m+[0m[0m scan_on_push = true
        }
    }

[1m  # aws_ecs_cluster.main[0m will be created
[0m  [32m+[0m[0m resource "aws_ecs_cluster" "main" {
      [32m+[0m[0m arn      = (known after apply)
      [32m+[0m[0m id       = (known after apply)
      [32m+[0m[0m name     = "campus-compass-cluster"
      [32m+[0m[0m tags_all = (known after apply)

      [32m+[0m[0m setting (known after apply)
    }

[1m  # aws_ecs_service.main[0m will be created
[0m  [32m+[0m[0m resource "aws_ecs_service" "main" {
      [32m+[0m[0m availability_zone_rebalancing      = "DISABLED"
      [32m+[0m[0m cluster                            = (known after apply)
      [32m+[0m[0m deployment_maximum_percent         = 200
      [32m+[0m[0m deployment_minimum_healthy_percent = 100
      [32m+[0m[0m desired_count                      = 1
      [32m+[0m[0m enable_ecs_managed_tags            = false
      [32m+[0m[0m enable_execute_command             = false
      [32m+[0m[0m iam_role                           = (known after apply)
      [32m+[0m[0m id                                 = (known after apply)
      [32m+[0m[0m launch_type                        = "FARGATE"
      [32m+[0m[0m name                               = "campus-compass-service"
      [32m+[0m[0m platform_version                   = (known after apply)
      [32m+[0m[0m scheduling_strategy                = "REPLICA"
      [32m+[0m[0m tags_all                           = (known after apply)
      [32m+[0m[0m task_definition                    = (known after apply)
      [32m+[0m[0m triggers                           = (known after apply)
      [32m+[0m[0m wait_for_steady_state              = false

      [32m+[0m[0m network_configuration {
          [32m+[0m[0m assign_public_ip = true
          [32m+[0m[0m security_groups  = (known after apply)
          [32m+[0m[0m subnets          = (known after apply)
        }
    }

[1m  # aws_ecs_task_definition.app[0m will be created
[0m  [32m+[0m[0m resource "aws_ecs_task_definition" "app" {
      [32m+[0m[0m arn                      = (known after apply)
      [32m+[0m[0m arn_without_revision     = (known after apply)
      [32m+[0m[0m container_definitions    = (known after apply)
      [32m+[0m[0m cpu                      = "256"
      [32m+[0m[0m enable_fault_injection   = (known after apply)
      [32m+[0m[0m execution_role_arn       = (known after apply)
      [32m+[0m[0m family                   = "campus-compass-task"
      [32m+[0m[0m id                       = (known after apply)
      [32m+[0m[0m memory                   = "512"
      [32m+[0m[0m network_mode             = "awsvpc"
      [32m+[0m[0m requires_compatibilities = [
          [32m+[0m[0m "FARGATE",
        ]
      [32m+[0m[0m revision                 = (known after apply)
      [32m+[0m[0m skip_destroy             = false
      [32m+[0m[0m tags_all                 = (known after apply)
      [32m+[0m[0m track_latest             = false
    }

[1m  # aws_iam_role.ecs_execution_role[0m will be created
[0m  [32m+[0m[0m resource "aws_iam_role" "ecs_execution_role" {
      [32m+[0m[0m arn                   = (known after apply)
      [32m+[0m[0m assume_role_policy    = jsonencode(
            {
              [32m+[0m[0m Statement = [
                  [32m+[0m[0m {
                      [32m+[0m[0m Action    = "sts:AssumeRole"
                      [32m+[0m[0m Effect    = "Allow"
                      [32m+[0m[0m Principal = {
                          [32m+[0m[0m Service = "ecs-tasks.amazonaws.com"
                        }
                    },
                ]
              [32m+[0m[0m Version   = "2012-10-17"
            }
        )
      [32m+[0m[0m create_date           = (known after apply)
      [32m+[0m[0m force_detach_policies = false
      [32m+[0m[0m id                    = (known after apply)
      [32m+[0m[0m managed_policy_arns   = (known after apply)
      [32m+[0m[0m max_session_duration  = 3600
      [32m+[0m[0m name                  = "campus-compass-ecs-role"
      [32m+[0m[0m name_prefix           = (known after apply)
      [32m+[0m[0m path                  = "/"
      [32m+[0m[0m tags_all              = (known after apply)
      [32m+[0m[0m unique_id             = (known after apply)

      [32m+[0m[0m inline_policy (known after apply)
    }

[1m  # aws_iam_role_policy_attachment.ecs_execution_role_policy[0m will be created
[0m  [32m+[0m[0m resource "aws_iam_role_policy_attachment" "ecs_execution_role_policy" {
      [32m+[0m[0m id         = (known after apply)
      [32m+[0m[0m policy_arn = "arn:aws:iam::aws:policy/service-role/AmazonECSTaskExecutionRolePolicy"
      [32m+[0m[0m role       = "campus-compass-ecs-role"
    }

[1m  # aws_internet_gateway.gw[0m will be created
[0m  [32m+[0m[0m resource "aws_internet_gateway" "gw" {
      [32m+[0m[0m arn      = (known after apply)
      [32m+[0m[0m id       = (known after apply)
      [32m+[0m[0m owner_id = (known after apply)
      [32m+[0m[0m tags_all = (known after apply)
      [32m+[0m[0m vpc_id   = (known after apply)
    }

[1m  # aws_route_table.public[0m will be created
[0m  [32m+[0m[0m resource "aws_route_table" "public" {
      [32m+[0m[0m arn              = (known after apply)
      [32m+[0m[0m id               = (known after apply)
      [32m+[0m[0m owner_id         = (known after apply)
      [32m+[0m[0m propagating_vgws = (known after apply)
      [32m+[0m[0m route            = [
          [32m+[0m[0m {
              [32m+[0m[0m cidr_block                 = "0.0.0.0/0"
              [32m+[0m[0m gateway_id                 = (known after apply)
                [90m# (11 unchanged attributes hidden)[0m[0m
            },
        ]
      [32m+[0m[0m tags_all         = (known after apply)
      [32m+[0m[0m vpc_id           = (known after apply)
    }

[1m  # aws_route_table_association.a[0m will be created
[0m  [32m+[0m[0m resource "aws_route_table_association" "a" {
      [32m+[0m[0m id             = (known after apply)
      [32m+[0m[0m route_table_id = (known after apply)
      [32m+[0m[0m subnet_id      = (known after apply)
    }

[1m  # aws_security_group.ecs_sg[0m will be created
[0m  [32m+[0m[0m resource "aws_security_group" "ecs_sg" {
      [32m+[0m[0m arn                    = (known after apply)
      [32m+[0m[0m description            = "Managed by Terraform"
      [32m+[0m[0m egress                 = [
          [32m+[0m[0m {
              [32m+[0m[0m cidr_blocks      = [
                  [32m+[0m[0m "0.0.0.0/0",
                ]
              [32m+[0m[0m from_port        = 0
              [32m+[0m[0m ipv6_cidr_blocks = []
              [32m+[0m[0m prefix_list_ids  = []
              [32m+[0m[0m protocol         = "-1"
              [32m+[0m[0m security_groups  = []
              [32m+[0m[0m self             = false
              [32m+[0m[0m to_port          = 0
                [90m# (1 unchanged attribute hidden)[0m[0m
            },
        ]
      [32m+[0m[0m id                     = (known after apply)
      [32m+[0m[0m ingress                = [
          [32m+[0m[0m {
              [32m+[0m[0m cidr_blocks      = [
                  [32m+[0m[0m "0.0.0.0/0",
                ]
              [32m+[0m[0m from_port        = 9000
              [32m+[0m[0m ipv6_cidr_blocks = []
              [32m+[0m[0m prefix_list_ids  = []
              [32m+[0m[0m protocol         = "tcp"
              [32m+[0m[0m security_groups  = []
              [32m+[0m[0m self             = false
              [32m+[0m[0m to_port          = 9000
                [90m# (1 unchanged attribute hidden)[0m[0m
            },
        ]
      [32m+[0m[0m name                   = "campus-compass-ecs-sg"
      [32m+[0m[0m name_prefix            = (known after apply)
      [32m+[0m[0m owner_id               = (known after apply)
      [32m+[0m[0m revoke_rules_on_delete = false
      [32m+[0m[0m tags_all               = (known after apply)
      [32m+[0m[0m vpc_id                 = (known after apply)
    }

[1m  # aws_subnet.public_1[0m will be created
[0m  [32m+[0m[0m resource "aws_subnet" "public_1" {
      [32m+[0m[0m arn                                            = (known after apply)
      [32m+[0m[0m assign_ipv6_address_on_creation                = false
      [32m+[0m[0m availability_zone                              = "us-east-1a"
      [32m+[0m[0m availability_zone_id                           = (known after apply)
      [32m+[0m[0m cidr_block                                     = "10.0.1.0/24"
      [32m+[0m[0m enable_dns64                                   = false
      [32m+[0m[0m enable_resource_name_dns_a_record_on_launch    = false
      [32m+[0m[0m enable_resource_name_dns_aaaa_record_on_launch = false
      [32m+[0m[0m id                                             = (known after apply)
      [32m+[0m[0m ipv6_cidr_block_association_id                 = (known after apply)
      [32m+[0m[0m ipv6_native                                    = false
      [32m+[0m[0m map_public_ip_on_launch                        = true
      [32m+[0m[0m owner_id                                       = (known after apply)
      [32m+[0m[0m private_dns_hostname_type_on_launch            = (known after apply)
      [32m+[0m[0m tags_all                                       = (known after apply)
      [32m+[0m[0m vpc_id                                         = (known after apply)
    }

[1m  # aws_vpc.main[0m will be created
[0m  [32m+[0m[0m resource "aws_vpc" "main" {
      [32m+[0m[0m arn                                  = (known after apply)
      [32m+[0m[0m cidr_block                           = "10.0.0.0/16"
      [32m+[0m[0m default_network_acl_id               = (known after apply)
      [32m+[0m[0m default_route_table_id               = (known after apply)
      [32m+[0m[0m default_security_group_id            = (known after apply)
      [32m+[0m[0m dhcp_options_id                      = (known after apply)
      [32m+[0m[0m enable_dns_hostnames                 = true
      [32m+[0m[0m enable_dns_support                   = true
      [32m+[0m[0m enable_network_address_usage_metrics = (known after apply)
      [32m+[0m[0m id                                   = (known after apply)
      [32m+[0m[0m instance_tenancy                     = "default"
      [32m+[0m[0m ipv6_association_id                  = (known after apply)
      [32m+[0m[0m ipv6_cidr_block                      = (known after apply)
      [32m+[0m[0m ipv6_cidr_block_network_border_group = (known after apply)
      [32m+[0m[0m main_route_table_id                  = (known after apply)
      [32m+[0m[0m owner_id                             = (known after apply)
      [32m+[0m[0m tags                                 = {
          [32m+[0m[0m "Name" = "campus-compass-vpc"
        }
      [32m+[0m[0m tags_all                             = {
          [32m+[0m[0m "Name" = "campus-compass-vpc"
        }
    }

[1mPlan:[0m [0m12 to add, 0 to change, 0 to destroy.

Changes to Outputs:
  [32m+[0m[0m ecr_repository_url = (known after apply)
  [31m-[0m[0m instance_public_ip = "18.207.253.127" [90m-> null[0m[0m
[0m[1maws_ecr_repository.app: Creating...[0m[0m
[0m[1maws_ecs_cluster.main: Creating...[0m[0m
[0m[1maws_iam_role.ecs_execution_role: Creating...[0m[0m
[0m[1maws_vpc.main: Creating...[0m[0m
[0m[1maws_ecr_repository.app: Creation complete after 2s [id=campus-compass-app][0m
[0m[1maws_iam_role.ecs_execution_role: Creation complete after 3s [id=campus-compass-ecs-role][0m
[0m[1maws_iam_role_policy_attachment.ecs_execution_role_policy: Creating...[0m[0m
[0m[1maws_ecs_task_definition.app: Creating...[0m[0m
[0m[1maws_ecs_task_definition.app: Creation complete after 0s [id=campus-compass-task][0m
[0m[1maws_iam_role_policy_attachment.ecs_execution_role_policy: Creation complete after 0s [id=campus-compass-ecs-role-20260415201544022100000001][0m
[0m[1maws_vpc.main: Still creating... [00m10s elapsed][0m[0m
[0m[1maws_ecs_cluster.main: Still creating... [00m10s elapsed][0m[0m
[0m[1maws_ecs_cluster.main: Creation complete after 13s [id=arn:aws:ecs:us-east-1:317968577483:cluster/campus-compass-cluster][0m
[0m[1maws_vpc.main: Creation complete after 16s [id=vpc-0d797134fa5a902c8][0m
[0m[1maws_internet_gateway.gw: Creating...[0m[0m
[0m[1maws_subnet.public_1: Creating...[0m[0m
[0m[1maws_security_group.ecs_sg: Creating...[0m[0m
[0m[1maws_internet_gateway.gw: Creation complete after 2s [id=igw-0f4943b44ba6ccb16][0m
[0m[1maws_route_table.public: Creating...[0m[0m
[0m[1maws_route_table.public: Creation complete after 3s [id=rtb-01bdbd6c19196184d][0m
[0m[1maws_security_group.ecs_sg: Creation complete after 7s [id=sg-0438812dbdf709c55][0m
[0m[1maws_subnet.public_1: Still creating... [00m10s elapsed][0m[0m
[0m[1maws_subnet.public_1: Creation complete after 13s [id=subnet-0f52fda4da94447ee][0m
[0m[1maws_route_table_association.a: Creating...[0m[0m
[0m[1maws_ecs_service.main: Creating...[0m[0m
[0m[1maws_route_table_association.a: Creation complete after 1s [id=rtbassoc-033fbc7e418740b69][0m
[0m[1maws_ecs_service.main: Creation complete after 3s [id=arn:aws:ecs:us-east-1:317968577483:service/campus-compass-cluster/campus-compass-service][0m
[0m[1m[32m
Apply complete! Resources: 12 added, 0 changed, 0 destroyed.[0m
[0m[1m[32m
Outputs:

[0mecr_repository_url = "317968577483.dkr.ecr.us-east-1.amazonaws.com/campus-compass-app"
